
Memory Configuration

Name             Origin             Length             Attributes
Mem              0x00000000         0x04000000         xrw
*default*        0x00000000         0xffffffff

Linker script and memory map

                0x00010000                . = 0x10000

.startup        0x00010000       0x10
 startup.o(.text)
 .text          0x00010000       0x10 startup.o
                0x00010000                reset

.text           0x00010010       0xa2
 *(.text)
 .text          0x00010010       0x54 UART.o
                0x00010010                UART_VoidSendString
 .text          0x00010064       0x1c APP.o
                0x00010064                main
 *(.rodata)
 .rodata        0x00010080       0x32 APP.o
                0x00010080                Arr_Str2

.glue_7         0x000100b4        0x0
 .glue_7        0x000100b4        0x0 linker stubs

.glue_7t        0x000100b4        0x0
 .glue_7t       0x000100b4        0x0 linker stubs

.vfp11_veneer   0x000100b4        0x0
 .vfp11_veneer  0x000100b4        0x0 linker stubs

.v4_bx          0x000100b4        0x0
 .v4_bx         0x000100b4        0x0 linker stubs

.iplt           0x000100b4        0x0
 .iplt          0x000100b4        0x0 startup.o

.rel.dyn        0x000100b4        0x0
 .rel.iplt      0x000100b4        0x0 startup.o

.data           0x000100b4       0x32
 *(.data)
 .data          0x000100b4        0x0 startup.o
 .data          0x000100b4        0x0 UART.o
 .data          0x000100b4       0x32 APP.o
                0x000100b4                Arr_Str

.igot.plt       0x000100e8        0x0
 .igot.plt      0x000100e8        0x0 startup.o

.bss            0x000100e6        0x0
 *(.bss)
 .bss           0x000100e6        0x0 startup.o
 .bss           0x000100e6        0x0 UART.o
 .bss           0x000100e6        0x0 APP.o
                0x000110e6                . = (. + 0x1000)
                0x000110e6                Stack_Top = .
LOAD UART.o
LOAD APP.o
LOAD startup.o
OUTPUT(USART_Project.elf elf32-littlearm)

.ARM.attributes
                0x00000000       0x2e
 .ARM.attributes
                0x00000000       0x22 startup.o
 .ARM.attributes
                0x00000022       0x32 UART.o
 .ARM.attributes
                0x00000054       0x32 APP.o

.comment        0x00000000       0x7f
 .comment       0x00000000       0x7f UART.o
                                 0x80 (size before relaxing)
 .comment       0x0000007f       0x80 APP.o

.debug_line     0x00000000       0xa8
 .debug_line    0x00000000       0x3a startup.o
 .debug_line    0x0000003a       0x39 UART.o
 .debug_line    0x00000073       0x35 APP.o

.debug_info     0x00000000      0x133
 .debug_info    0x00000000       0x4b startup.o
 .debug_info    0x0000004b       0x57 UART.o
 .debug_info    0x000000a2       0x91 APP.o

.debug_abbrev   0x00000000       0xc6
 .debug_abbrev  0x00000000       0x14 startup.o
 .debug_abbrev  0x00000014       0x51 UART.o
 .debug_abbrev  0x00000065       0x61 APP.o

.debug_aranges  0x00000000       0x60
 .debug_aranges
                0x00000000       0x20 startup.o
 .debug_aranges
                0x00000020       0x20 UART.o
 .debug_aranges
                0x00000040       0x20 APP.o

.debug_str      0x00000000       0xd1
 .debug_str     0x00000000       0xac UART.o
 .debug_str     0x000000ac       0x25 APP.o
                                 0xa9 (size before relaxing)

.debug_frame    0x00000000       0x5c
 .debug_frame   0x00000000       0x30 UART.o
 .debug_frame   0x00000030       0x2c APP.o
